// Jest Snapshot v1, https://goo.gl/fbAQLP

exports[`RecipientForm should match the snapshot 1`] = `
<div
  className="recipient-controls-wrapper"
>
  <div
    className="recipients-form-wrapper"
  >
    <h2
      className="recipients-form-title"
    >
      Select Recipients
    </h2>
    <div
      className="student-selector-wrapper"
    >
      <select
        className="drop-down"
        onChange={[Function]}
      >
        <option
          value="0"
        >
          Select a cohort
        </option>
        <option
          key="1"
          name="cohort_id"
          value="1811"
        >
          1811
        </option>
        <option
          key="2"
          name="cohort_id"
          value="1901"
        >
          1901
        </option>
      </select>
      <select
        className="drop-down"
        onChange={[Function]}
      >
        <option>
          Select a program
        </option>
        <option
          value="b"
        >
          BE
        </option>
        <option
          value="f"
        >
          FE
        </option>
        <option
          value="both"
        >
          Both
        </option>
      </select>
      <button
        className="recipients-button"
        onClick={[Function]}
      >
        Populate Students
      </button>
    </div>
  </div>
  <div
    className="student-groups-wrapper"
    style={
      Object {
        "display": "none",
      }
    }
  >
    <div
      className="groups-wrapper"
      onDragOver={[Function]}
      onDrop={[Function]}
    >
      <div
        className="groups-title"
      >
        Drag Names Here to Form Groups
      </div>
      <div
        className="groups"
      />
    </div>
    <div
      className="students-display"
    >
      <div
        className="student-nametag"
        draggable={true}
        id={1}
        key="1"
        onDrag={[Function]}
      >
        kim
      </div>
      <div
        className="student-nametag"
        draggable={true}
        id={2}
        key="2"
        onDrag={[Function]}
      >
        taylor
      </div>
      <div
        className="student-nametag"
        draggable={true}
        id={3}
        key="3"
        onDrag={[Function]}
      >
        april
      </div>
      <div
        className="student-nametag"
        draggable={true}
        id={4}
        key="4"
        onDrag={[Function]}
      >
        peter
      </div>
    </div>
  </div>
  <button
    className="recipients-button"
    disabled={true}
    onClick={[Function]}
    style={
      Object {
        "display": "none",
      }
    }
  >
    Send Survey
  </button>
</div>
`;
