// Jest Snapshot v1, https://goo.gl/fbAQLP

exports[`Team should match the snapshot 1`] = `
<div
  className="team"
  id={4}
>
  <input
    autoComplete="off"
    className="team-input"
    name="name"
    onChange={[Function]}
    placeholder="Name this team"
  />
  <div
    className="assigned-student"
    key="1"
  >
    Taylor
  </div>
  <div
    className="assigned-student"
    key="2"
  >
    Kim
  </div>
</div>
`;
