// Jest Snapshot v1, https://goo.gl/fbAQLP

exports[`InstructorDashboard should match the snapshot 1`] = `
<div
  className="surveys-accordion"
>
  <div
    className="inst-surveys"
  />
  <Link
    to="/new-survey"
  >
    <button
      className="create-new-survey-button"
    >
      Create New Survey
    </button>
  </Link>
</div>
`;
