// Jest Snapshot v1, https://goo.gl/fbAQLP

exports[`Header should match the snapshot 1`] = `
<div
  className="header-container"
>
  <a
    href="https://turing.io/"
  >
    <img
      alt="logo"
      className="turing-logo"
      src="turinglogo.png"
    />
  </a>
  <Link
    className="feedback-loop-title"
    to="/"
  >
    <h2
      className="feedback-loop-title-text"
    >
      Feedback Loop
    </h2>
  </Link>
</div>
`;
