// Jest Snapshot v1, https://goo.gl/fbAQLP

exports[`Header should match the snapshot 1`] = `
<div
  className="header-container"
>
  <section
    className="nav-left"
  >
    <a
      href="https://turing.io/"
    >
      <img
        alt="logo"
        className="turing-logo"
        src="turinglogo.png"
      />
    </a>
    <Link
      className="feedback-loop-title"
      to="/"
    >
      <h2
        className="feedback-loop-title-text"
      >
        Turing Feedback
      </h2>
    </Link>
  </section>
</div>
`;
