// Jest Snapshot v1, https://goo.gl/fbAQLP

exports[`LoginForm should match the snapshot 1`] = `
<form
  className="login-form"
>
  <div
    className="email"
  >
    <label>
      Email
    </label>
    <input
      className="login-input email-input"
      name="emailInput"
      onChange={[Function]}
      type="email"
    />
  </div>
  <div
    className="password"
  >
    <label>
      Password
    </label>
    <input
      className="login-input"
      name="passwordInput"
      onChange={[Function]}
      type="password"
    />
  </div>
  <button
    className="login-button"
    onClick={[Function]}
  >
    Login
  </button>
  <button
    className="login-button"
    onClick={[MockFunction]}
  >
    Create New Account
  </button>
</form>
`;
