// Jest Snapshot v1, https://goo.gl/fbAQLP

exports[`StudentDashboard should match the snapshot 1`] = `
<div
  className="dashboard-container"
>
  <h1
    className="student-dashboard-header"
  >
    My Dashboard
  </h1>
  <section
    className="student-survey-container"
  >
    <article
      className="student-surveys"
    >
      <h2
        className="article-header"
      >
        Surveys
      </h2>
      <div
        className="article-container"
      >
        <button
          className="student-pending-survey"
          key="1"
          onClick={[Function]}
        />
        <button
          className="student-pending-survey"
          key="2"
          onClick={[Function]}
        />
      </div>
    </article>
    <article
      className="student-feedback"
    >
      <h2
        className="article-header"
      >
        Feedback
      </h2>
      <div
        className="article-container"
      />
    </article>
  </section>
</div>
`;
